// Jest Snapshot v1, https://goo.gl/fbAQLP

exports[`HeaderMovieDetails snapshot 1`] = `
Object {
  "asFragment": [Function],
  "baseElement": <body>
    <div>
      <header
        class="header-movie-details"
      >
        <div
          class="header-movie-details__header"
        >
          <div
            class="logo"
          >
            <span
              class="logo--bold"
            >
              netflix
            </span>
            <span>
              roulette
            </span>
          </div>
          <svg
            fill="#f65261"
            height="36"
            viewBox="0 0 24 24"
            width="36"
          >
            <path
              d="M0 0h24v24H0z"
              fill="none"
            />
            <path
              d="M15.5 14h-.79l-.28-.27A6.471 6.471 0 0016 9.5 6.5 6.5 0 109.5 16c1.61 0 3.09-.59 4.23-1.57l.27.28v.79l5 4.99L20.49 19l-4.99-5zm-6 0C7.01 14 5 11.99 5 9.5S7.01 5 9.5 5 14 7.01 14 9.5 11.99 14 9.5 14z"
            />
          </svg>
        </div>
        <div
          class="header-movie-details__main"
        >
          <img
            alt="Pitch Perfect 3 poster"
            class="header-movie-details__image"
            src="https://image.tmdb.org/t/p/w500/fchHLsLjFvzAFSQykiMwdF1051.jpg"
          />
          <div
            class="header-movie-details__info"
          >
            <div
              class="header-movie-details__title-wrapper"
            >
              <h1
                class="header-movie-details__title"
              >
                Pitch Perfect 3
              </h1>
              <div
                class="raiting"
              >
                6.4
              </div>
            </div>
            <div
              class="header-movie-details__overview"
            >
              Comedy, Music
            </div>
            <div
              class="header-movie-details__time-wrapper"
            >
              <div
                class="header-movie-details__time"
              >
                2017
              </div>
              <div
                class="header-movie-details__time"
              >
                93
              </div>
            </div>
            <p
              class="header-movie-details__description"
            >
              After the highs of winning the world championships.
            </p>
          </div>
        </div>
      </header>
    </div>
  </body>,
  "container": <div>
    <header
      class="header-movie-details"
    >
      <div
        class="header-movie-details__header"
      >
        <div
          class="logo"
        >
          <span
            class="logo--bold"
          >
            netflix
          </span>
          <span>
            roulette
          </span>
        </div>
        <svg
          fill="#f65261"
          height="36"
          viewBox="0 0 24 24"
          width="36"
        >
          <path
            d="M0 0h24v24H0z"
            fill="none"
          />
          <path
            d="M15.5 14h-.79l-.28-.27A6.471 6.471 0 0016 9.5 6.5 6.5 0 109.5 16c1.61 0 3.09-.59 4.23-1.57l.27.28v.79l5 4.99L20.49 19l-4.99-5zm-6 0C7.01 14 5 11.99 5 9.5S7.01 5 9.5 5 14 7.01 14 9.5 11.99 14 9.5 14z"
          />
        </svg>
      </div>
      <div
        class="header-movie-details__main"
      >
        <img
          alt="Pitch Perfect 3 poster"
          class="header-movie-details__image"
          src="https://image.tmdb.org/t/p/w500/fchHLsLjFvzAFSQykiMwdF1051.jpg"
        />
        <div
          class="header-movie-details__info"
        >
          <div
            class="header-movie-details__title-wrapper"
          >
            <h1
              class="header-movie-details__title"
            >
              Pitch Perfect 3
            </h1>
            <div
              class="raiting"
            >
              6.4
            </div>
          </div>
          <div
            class="header-movie-details__overview"
          >
            Comedy, Music
          </div>
          <div
            class="header-movie-details__time-wrapper"
          >
            <div
              class="header-movie-details__time"
            >
              2017
            </div>
            <div
              class="header-movie-details__time"
            >
              93
            </div>
          </div>
          <p
            class="header-movie-details__description"
          >
            After the highs of winning the world championships.
          </p>
        </div>
      </div>
    </header>
  </div>,
  "debug": [Function],
  "findAllByAltText": [Function],
  "findAllByDisplayValue": [Function],
  "findAllByLabelText": [Function],
  "findAllByPlaceholderText": [Function],
  "findAllByRole": [Function],
  "findAllByTestId": [Function],
  "findAllByText": [Function],
  "findAllByTitle": [Function],
  "findByAltText": [Function],
  "findByDisplayValue": [Function],
  "findByLabelText": [Function],
  "findByPlaceholderText": [Function],
  "findByRole": [Function],
  "findByTestId": [Function],
  "findByText": [Function],
  "findByTitle": [Function],
  "getAllByAltText": [Function],
  "getAllByDisplayValue": [Function],
  "getAllByLabelText": [Function],
  "getAllByPlaceholderText": [Function],
  "getAllByRole": [Function],
  "getAllByTestId": [Function],
  "getAllByText": [Function],
  "getAllByTitle": [Function],
  "getByAltText": [Function],
  "getByDisplayValue": [Function],
  "getByLabelText": [Function],
  "getByPlaceholderText": [Function],
  "getByRole": [Function],
  "getByTestId": [Function],
  "getByText": [Function],
  "getByTitle": [Function],
  "queryAllByAltText": [Function],
  "queryAllByDisplayValue": [Function],
  "queryAllByLabelText": [Function],
  "queryAllByPlaceholderText": [Function],
  "queryAllByRole": [Function],
  "queryAllByTestId": [Function],
  "queryAllByText": [Function],
  "queryAllByTitle": [Function],
  "queryByAltText": [Function],
  "queryByDisplayValue": [Function],
  "queryByLabelText": [Function],
  "queryByPlaceholderText": [Function],
  "queryByRole": [Function],
  "queryByTestId": [Function],
  "queryByText": [Function],
  "queryByTitle": [Function],
  "rerender": [Function],
  "unmount": [Function],
}
`;
