// Jest Snapshot v1, https://goo.gl/fbAQLP

exports[`SearchBar snapshot 1`] = `
Object {
  "asFragment": [Function],
  "baseElement": <body>
    <div>
      <div
        class="search-bar"
      >
        <h1
          class="search-bar__title"
        >
          Find your movie
        </h1>
        <div
          class="search-bar__search-container"
        >
          <div
            class="search-bar__form-input"
          >
            <input
              class="form-input__text"
              placeholder="What do you want to watch?"
              value=""
            />
          </div>
          <div
            class="search-bar__search-button"
          >
            <button
              class="button button--text-undefined button--red button--border-undefined"
            >
              Search
            </button>
          </div>
        </div>
      </div>
    </div>
  </body>,
  "container": <div>
    <div
      class="search-bar"
    >
      <h1
        class="search-bar__title"
      >
        Find your movie
      </h1>
      <div
        class="search-bar__search-container"
      >
        <div
          class="search-bar__form-input"
        >
          <input
            class="form-input__text"
            placeholder="What do you want to watch?"
            value=""
          />
        </div>
        <div
          class="search-bar__search-button"
        >
          <button
            class="button button--text-undefined button--red button--border-undefined"
          >
            Search
          </button>
        </div>
      </div>
    </div>
  </div>,
  "debug": [Function],
  "findAllByAltText": [Function],
  "findAllByDisplayValue": [Function],
  "findAllByLabelText": [Function],
  "findAllByPlaceholderText": [Function],
  "findAllByRole": [Function],
  "findAllByTestId": [Function],
  "findAllByText": [Function],
  "findAllByTitle": [Function],
  "findByAltText": [Function],
  "findByDisplayValue": [Function],
  "findByLabelText": [Function],
  "findByPlaceholderText": [Function],
  "findByRole": [Function],
  "findByTestId": [Function],
  "findByText": [Function],
  "findByTitle": [Function],
  "getAllByAltText": [Function],
  "getAllByDisplayValue": [Function],
  "getAllByLabelText": [Function],
  "getAllByPlaceholderText": [Function],
  "getAllByRole": [Function],
  "getAllByTestId": [Function],
  "getAllByText": [Function],
  "getAllByTitle": [Function],
  "getByAltText": [Function],
  "getByDisplayValue": [Function],
  "getByLabelText": [Function],
  "getByPlaceholderText": [Function],
  "getByRole": [Function],
  "getByTestId": [Function],
  "getByText": [Function],
  "getByTitle": [Function],
  "queryAllByAltText": [Function],
  "queryAllByDisplayValue": [Function],
  "queryAllByLabelText": [Function],
  "queryAllByPlaceholderText": [Function],
  "queryAllByRole": [Function],
  "queryAllByTestId": [Function],
  "queryAllByText": [Function],
  "queryAllByTitle": [Function],
  "queryByAltText": [Function],
  "queryByDisplayValue": [Function],
  "queryByLabelText": [Function],
  "queryByPlaceholderText": [Function],
  "queryByRole": [Function],
  "queryByTestId": [Function],
  "queryByText": [Function],
  "queryByTitle": [Function],
  "rerender": [Function],
  "unmount": [Function],
}
`;
