// Jest Snapshot v1, https://goo.gl/fbAQLP

exports[`HomePage snapshot 1`] = `
Object {
  "asFragment": [Function],
  "baseElement": <body>
    <div>
      <header
        class="header"
      >
        <div
          class="header__add-movie"
        >
          <div
            class="logo"
          >
            <span
              class="logo--bold"
            >
              netflix
            </span>
            <span>
              roulette
            </span>
          </div>
          <div
            class="header__button"
          >
            <button
              class="button button--text-red button--gray button--border-undefined"
            >
              +Add movie
            </button>
          </div>
        </div>
        <div
          class="header__search-bar"
        >
          <div
            class="search-bar"
          >
            <h1
              class="search-bar__title"
            >
              Find your movie
            </h1>
            <div
              class="search-bar__search-container"
            >
              <div
                class="search-bar__form-input"
              >
                <input
                  class="form-input__text"
                  placeholder="What do you want to watch?"
                  value=""
                />
              </div>
              <div
                class="search-bar__search-button"
              >
                <button
                  class="button button--text-undefined button--red button--border-undefined"
                >
                  Search
                </button>
              </div>
            </div>
          </div>
        </div>
      </header>
      <main
        class="home-page__main"
      >
        <div
          class="home-page__filter"
        >
          <div
            class="filter-bar__wrapper"
          >
            <div
              class="filter-bar"
            >
              <div
                class="filter-bar__buttons"
              >
                <div
                  class="filter-bar__button"
                >
                  <button
                    class="filter-button"
                  >
                    All
                  </button>
                </div>
                <div
                  class="filter-bar__button"
                >
                  <button
                    class="filter-button"
                  >
                    Documentary
                  </button>
                </div>
                <div
                  class="filter-bar__button"
                >
                  <button
                    class="filter-button"
                  >
                    Comedy
                  </button>
                </div>
                <div
                  class="filter-bar__button"
                >
                  <button
                    class="filter-button"
                  >
                    Horror
                  </button>
                </div>
                <div
                  class="filter-bar__button"
                >
                  <button
                    class="filter-button"
                  >
                    Crime
                  </button>
                </div>
              </div>
              <div
                class="dropdown"
              >
                <label
                  class="dropdown__label"
                  for="films-sort"
                >
                  Sort by
                </label>
                <select
                  class="dropdown__select"
                >
                  <option
                    class="dropdown__option"
                    value="release_date"
                  >
                    release date
                  </option>
                  <option
                    class="dropdown__option"
                    value="vote_average"
                  >
                    rating
                  </option>
                </select>
              </div>
            </div>
            <div
              class="filter-bar__border"
            />
            <div
              class="filter-bar__results"
            >
              <span
                class="filter-bar__results--bold"
              >
                0
              </span>
               movies found
            </div>
          </div>
        </div>
        <div
          class="home-page__films"
        />
      </main>
      <footer
        class="footer"
      >
        <div
          class="logo"
        >
          <span
            class="logo--bold"
          >
            netflix
          </span>
          <span>
            roulette
          </span>
        </div>
      </footer>
    </div>
  </body>,
  "container": <div>
    <header
      class="header"
    >
      <div
        class="header__add-movie"
      >
        <div
          class="logo"
        >
          <span
            class="logo--bold"
          >
            netflix
          </span>
          <span>
            roulette
          </span>
        </div>
        <div
          class="header__button"
        >
          <button
            class="button button--text-red button--gray button--border-undefined"
          >
            +Add movie
          </button>
        </div>
      </div>
      <div
        class="header__search-bar"
      >
        <div
          class="search-bar"
        >
          <h1
            class="search-bar__title"
          >
            Find your movie
          </h1>
          <div
            class="search-bar__search-container"
          >
            <div
              class="search-bar__form-input"
            >
              <input
                class="form-input__text"
                placeholder="What do you want to watch?"
                value=""
              />
            </div>
            <div
              class="search-bar__search-button"
            >
              <button
                class="button button--text-undefined button--red button--border-undefined"
              >
                Search
              </button>
            </div>
          </div>
        </div>
      </div>
    </header>
    <main
      class="home-page__main"
    >
      <div
        class="home-page__filter"
      >
        <div
          class="filter-bar__wrapper"
        >
          <div
            class="filter-bar"
          >
            <div
              class="filter-bar__buttons"
            >
              <div
                class="filter-bar__button"
              >
                <button
                  class="filter-button"
                >
                  All
                </button>
              </div>
              <div
                class="filter-bar__button"
              >
                <button
                  class="filter-button"
                >
                  Documentary
                </button>
              </div>
              <div
                class="filter-bar__button"
              >
                <button
                  class="filter-button"
                >
                  Comedy
                </button>
              </div>
              <div
                class="filter-bar__button"
              >
                <button
                  class="filter-button"
                >
                  Horror
                </button>
              </div>
              <div
                class="filter-bar__button"
              >
                <button
                  class="filter-button"
                >
                  Crime
                </button>
              </div>
            </div>
            <div
              class="dropdown"
            >
              <label
                class="dropdown__label"
                for="films-sort"
              >
                Sort by
              </label>
              <select
                class="dropdown__select"
              >
                <option
                  class="dropdown__option"
                  value="release_date"
                >
                  release date
                </option>
                <option
                  class="dropdown__option"
                  value="vote_average"
                >
                  rating
                </option>
              </select>
            </div>
          </div>
          <div
            class="filter-bar__border"
          />
          <div
            class="filter-bar__results"
          >
            <span
              class="filter-bar__results--bold"
            >
              0
            </span>
             movies found
          </div>
        </div>
      </div>
      <div
        class="home-page__films"
      />
    </main>
    <footer
      class="footer"
    >
      <div
        class="logo"
      >
        <span
          class="logo--bold"
        >
          netflix
        </span>
        <span>
          roulette
        </span>
      </div>
    </footer>
  </div>,
  "debug": [Function],
  "findAllByAltText": [Function],
  "findAllByDisplayValue": [Function],
  "findAllByLabelText": [Function],
  "findAllByPlaceholderText": [Function],
  "findAllByRole": [Function],
  "findAllByTestId": [Function],
  "findAllByText": [Function],
  "findAllByTitle": [Function],
  "findByAltText": [Function],
  "findByDisplayValue": [Function],
  "findByLabelText": [Function],
  "findByPlaceholderText": [Function],
  "findByRole": [Function],
  "findByTestId": [Function],
  "findByText": [Function],
  "findByTitle": [Function],
  "getAllByAltText": [Function],
  "getAllByDisplayValue": [Function],
  "getAllByLabelText": [Function],
  "getAllByPlaceholderText": [Function],
  "getAllByRole": [Function],
  "getAllByTestId": [Function],
  "getAllByText": [Function],
  "getAllByTitle": [Function],
  "getByAltText": [Function],
  "getByDisplayValue": [Function],
  "getByLabelText": [Function],
  "getByPlaceholderText": [Function],
  "getByRole": [Function],
  "getByTestId": [Function],
  "getByText": [Function],
  "getByTitle": [Function],
  "queryAllByAltText": [Function],
  "queryAllByDisplayValue": [Function],
  "queryAllByLabelText": [Function],
  "queryAllByPlaceholderText": [Function],
  "queryAllByRole": [Function],
  "queryAllByTestId": [Function],
  "queryAllByText": [Function],
  "queryAllByTitle": [Function],
  "queryByAltText": [Function],
  "queryByDisplayValue": [Function],
  "queryByLabelText": [Function],
  "queryByPlaceholderText": [Function],
  "queryByRole": [Function],
  "queryByTestId": [Function],
  "queryByText": [Function],
  "queryByTitle": [Function],
  "rerender": [Function],
  "unmount": [Function],
}
`;
