// Jest Snapshot v1, https://goo.gl/fbAQLP

exports[`MovieDetailsPage snapshot 1`] = `
Object {
  "asFragment": [Function],
  "baseElement": <body>
    <div>
      <main
        class="home-page__main"
      >
        <div
          class="home-page__filter"
        >
          <div
            class="filter-bar__wrapper"
          >
            <div
              class="filter-bar"
            >
              <div
                class="filter-bar__buttons"
              >
                <div
                  class="filter-bar__button"
                >
                  <button
                    class="filter-button"
                  >
                    All
                  </button>
                </div>
                <div
                  class="filter-bar__button"
                >
                  <button
                    class="filter-button"
                  >
                    Documentary
                  </button>
                </div>
                <div
                  class="filter-bar__button"
                >
                  <button
                    class="filter-button"
                  >
                    Comedy
                  </button>
                </div>
                <div
                  class="filter-bar__button"
                >
                  <button
                    class="filter-button"
                  >
                    Horror
                  </button>
                </div>
                <div
                  class="filter-bar__button"
                >
                  <button
                    class="filter-button"
                  >
                    Crime
                  </button>
                </div>
              </div>
              <div
                class="dropdown"
              >
                <label
                  class="dropdown__label"
                  for="films-sort"
                >
                  Sort by
                </label>
                <select
                  class="dropdown__select"
                >
                  <option
                    class="dropdown__option"
                    value="release_date"
                  >
                    release date
                  </option>
                  <option
                    class="dropdown__option"
                    value="vote_average"
                  >
                    rating
                  </option>
                </select>
              </div>
            </div>
            <div
              class="filter-bar__border"
            />
            <div
              class="filter-bar__results"
            >
              <span
                class="filter-bar__results--bold"
              >
                0
              </span>
               movies found
            </div>
          </div>
        </div>
        <div
          class="home-page__films"
        />
      </main>
      <footer
        class="footer"
      >
        <div
          class="logo"
        >
          <span
            class="logo--bold"
          >
            netflix
          </span>
          <span>
            roulette
          </span>
        </div>
      </footer>
    </div>
    <div>
      <div
        class="modal__overlay"
      >
        <div
          class="modal__window"
        >
          <div
            class="modal__header"
          >
            <button
              class="modal__icon"
            >
              X
            </button>
            <h1
              class="modal__title"
            >
              EDIT MOVIE
            </h1>
          </div>
          <div
            class="modal__body"
          >
            <form
              action="#"
            >
              <div
                class="edit-movie__input"
              >
                <label
                  class="text-input__label"
                  for="id"
                >
                  Id
                </label>
                <input
                  class="text-input__text"
                  id="id"
                  name="id"
                  placeholder="Id"
                  type="text"
                  value=""
                />
              </div>
              <div
                class="edit-movie__input"
              >
                <label
                  class="text-input__label"
                  for="title"
                >
                  Title
                </label>
                <input
                  class="text-input__text"
                  id="title"
                  name="title"
                  placeholder="Title"
                  type="text"
                  value=""
                />
              </div>
              <div
                class="edit-movie__input"
              >
                <label
                  class="text-input__label"
                  for="poster_path"
                >
                  Movie URL
                </label>
                <input
                  class="text-input__text"
                  id="poster_path"
                  name="poster_path"
                  placeholder="Movie URL here"
                  type="text"
                  value=""
                />
              </div>
              <div
                class="edit-movie__input"
              >
                <label
                  class="select-input__label"
                  for="genres"
                >
                  Genre
                </label>
                <select
                  class="select-input__select"
                  id="genres"
                  name="genres"
                >
                  <option
                    value="comedy"
                  >
                    comedy
                  </option>
                  <option
                    value="crime"
                  >
                    crime
                  </option>
                  <option
                    value="documentary"
                  >
                    documentary
                  </option>
                  <option
                    value="horror"
                  >
                    horror
                  </option>
                </select>
              </div>
              <div
                class="edit-movie__input"
              >
                <label
                  class="text-input__label"
                  for="overview"
                >
                  Overview
                </label>
                <input
                  class="text-input__text"
                  id="overview"
                  name="overview"
                  placeholder="Overview"
                  type="text"
                  value=""
                />
              </div>
              <div
                class="edit-movie__input"
              >
                <label
                  class="text-input__label"
                  for="runtime"
                >
                  Runtime
                </label>
                <input
                  class="text-input__text"
                  id="runtime"
                  name="runtime"
                  placeholder="Runtime"
                  type="text"
                  value=""
                />
              </div>
              <div
                class="edit-movie__input"
              >
                <label
                  class="date-input__label"
                  for="release_date"
                >
                  Release date
                </label>
                <input
                  class="date-input__date"
                  id="release_date"
                  name="release_date"
                  placeholder="Release date"
                  type="date"
                  value=""
                />
              </div>
              <div
                class="edit-movie__footer"
              >
                <div
                  class="edit-movie__button"
                >
                  <button
                    class="button button--text-undefined button--gray button--border-undefined"
                    type="reset"
                  >
                    Reset
                  </button>
                </div>
                <div
                  class="edit-movie__button"
                >
                  <button
                    class="button button--text-undefined button--red button--border-undefined"
                    type="submit"
                  >
                    Save
                  </button>
                </div>
              </div>
            </form>
          </div>
        </div>
      </div>
    </div>
    <div>
      <div
        class="modal__overlay"
      >
        <div
          class="modal__window"
        >
          <div
            class="modal__header"
          >
            <button
              class="modal__icon"
            >
              X
            </button>
            <h1
              class="modal__title"
            >
              DELETE MOVIE
            </h1>
          </div>
          <div
            class="modal__body"
          >
            <p
              class="delete-movie-modal__paragraph"
            >
              Are you sure you want to delete this movie?
            </p>
            <div
              class="delete-movie-modal__footer"
            >
              <div
                class="delete-movie-modal__button"
              >
                <button
                  class="button button--text-undefined button--red button--border-undefined"
                >
                  Confirm
                </button>
              </div>
            </div>
          </div>
        </div>
      </div>
    </div>
  </body>,
  "container": <div>
    <main
      class="home-page__main"
    >
      <div
        class="home-page__filter"
      >
        <div
          class="filter-bar__wrapper"
        >
          <div
            class="filter-bar"
          >
            <div
              class="filter-bar__buttons"
            >
              <div
                class="filter-bar__button"
              >
                <button
                  class="filter-button"
                >
                  All
                </button>
              </div>
              <div
                class="filter-bar__button"
              >
                <button
                  class="filter-button"
                >
                  Documentary
                </button>
              </div>
              <div
                class="filter-bar__button"
              >
                <button
                  class="filter-button"
                >
                  Comedy
                </button>
              </div>
              <div
                class="filter-bar__button"
              >
                <button
                  class="filter-button"
                >
                  Horror
                </button>
              </div>
              <div
                class="filter-bar__button"
              >
                <button
                  class="filter-button"
                >
                  Crime
                </button>
              </div>
            </div>
            <div
              class="dropdown"
            >
              <label
                class="dropdown__label"
                for="films-sort"
              >
                Sort by
              </label>
              <select
                class="dropdown__select"
              >
                <option
                  class="dropdown__option"
                  value="release_date"
                >
                  release date
                </option>
                <option
                  class="dropdown__option"
                  value="vote_average"
                >
                  rating
                </option>
              </select>
            </div>
          </div>
          <div
            class="filter-bar__border"
          />
          <div
            class="filter-bar__results"
          >
            <span
              class="filter-bar__results--bold"
            >
              0
            </span>
             movies found
          </div>
        </div>
      </div>
      <div
        class="home-page__films"
      />
    </main>
    <footer
      class="footer"
    >
      <div
        class="logo"
      >
        <span
          class="logo--bold"
        >
          netflix
        </span>
        <span>
          roulette
        </span>
      </div>
    </footer>
  </div>,
  "debug": [Function],
  "findAllByAltText": [Function],
  "findAllByDisplayValue": [Function],
  "findAllByLabelText": [Function],
  "findAllByPlaceholderText": [Function],
  "findAllByRole": [Function],
  "findAllByTestId": [Function],
  "findAllByText": [Function],
  "findAllByTitle": [Function],
  "findByAltText": [Function],
  "findByDisplayValue": [Function],
  "findByLabelText": [Function],
  "findByPlaceholderText": [Function],
  "findByRole": [Function],
  "findByTestId": [Function],
  "findByText": [Function],
  "findByTitle": [Function],
  "getAllByAltText": [Function],
  "getAllByDisplayValue": [Function],
  "getAllByLabelText": [Function],
  "getAllByPlaceholderText": [Function],
  "getAllByRole": [Function],
  "getAllByTestId": [Function],
  "getAllByText": [Function],
  "getAllByTitle": [Function],
  "getByAltText": [Function],
  "getByDisplayValue": [Function],
  "getByLabelText": [Function],
  "getByPlaceholderText": [Function],
  "getByRole": [Function],
  "getByTestId": [Function],
  "getByText": [Function],
  "getByTitle": [Function],
  "queryAllByAltText": [Function],
  "queryAllByDisplayValue": [Function],
  "queryAllByLabelText": [Function],
  "queryAllByPlaceholderText": [Function],
  "queryAllByRole": [Function],
  "queryAllByTestId": [Function],
  "queryAllByText": [Function],
  "queryAllByTitle": [Function],
  "queryByAltText": [Function],
  "queryByDisplayValue": [Function],
  "queryByLabelText": [Function],
  "queryByPlaceholderText": [Function],
  "queryByRole": [Function],
  "queryByTestId": [Function],
  "queryByText": [Function],
  "queryByTitle": [Function],
  "rerender": [Function],
  "unmount": [Function],
}
`;
